// Jest Snapshot v1, https://goo.gl/fbAQLP

exports[`<Footer /> Footer snapshot 1`] = `
<footer
  className="letters footer"
>
  <a
    href="/"
  >
    Términos de uso.
  </a>
  <a
    href="/"
  >
    Declaración de privacidad.
  </a>
  <a
    href="/"
  >
    Centro de ayuda.
  </a>
</footer>
`;
